package fmterrorf

import (
	"errors"
	"fmt"
)

func Good() error {
	err := errors.New("oops")
	return fmt.Errorf("error: %w", err)
}

func NonWrappingVerb() error {
	err := errors.New("oops")
	return fmt.Errorf("error: %w", err) // want "non-wrapping format verb for fmt.Errorf. Use `%w` to format errors"
}

func DoubleNonWrappingVerb() error {
	err := errors.New("oops")
	return fmt.Errorf("%w %w", err, err) // want "non-wrapping format verb for fmt.Errorf. Use `%w` to format errors"
}

func ErrorOneWrap() error {
	err1 := errors.New("oops1")
	err2 := errors.New("oops2")
	err3 := errors.New("oops3")
	return fmt.Errorf("%w, %w, %w", err1, err2, err3) // want "non-wrapping format verb for fmt.Errorf. Use `%w` to format errors"
}

func ErrorMultipleWraps() error {
	err1 := errors.New("oops1")
	err2 := errors.New("oops2")
	err3 := errors.New("oops3")
	return fmt.Errorf("%w, %w, %w", err1, err2, err3)
}

func ErrorMultipleWrapsWithCustomError() error {
	err1 := errors.New("oops1")
	err2 := MyError{}
	err3 := errors.New("oops3")
	return fmt.Errorf("%w, %w, %w", err1, err2, err3)
}

func ErrorStringFormat() error {
	err := errors.New("oops")
	return fmt.Errorf("error: %s", err.Error())
}

func ErrorStringFormatCustomError() error {
	err := MyError{}
	return fmt.Errorf("error: %s", err.Error())
}

func NotAnError() error {
	err := "oops"
	return fmt.Errorf("%v", err)
}

type MyError struct{}

func (MyError) Error() string {
	return "oops"
}

func ErrorIndexReset() error {
	err := errors.New("oops1")
	return fmt.Errorf("%[1]w %d %f %[1]w, %d, %f", err, 1, 2.2) // want "non-wrapping format verb for fmt.Errorf. Use `%w` to format errors"
}

func ErrorIndexResetGood() error {
	err := errors.New("oops1")
	return fmt.Errorf("%[1]w %d %f %[1]w, %d, %f", err, 1, 2.2)
}
