package errorcompare

import (
	"errors"
	"fmt"
	"io"
)

var ErrSentinel = errors.New("sentinel error")

func doSomething() error {
	return ErrSentinel
}

func doSomethingElse() error {
	return fmt.Errorf("wrapped: %w", ErrSentinel)
}

func doAnotherThing() error {
	return io.EOF
}

type MyError struct{}

func (*MyError) Error() string {
	return "my custom error"
}

// CustomUnwrapError demonstrates custom unwrap implementation
type CustomUnwrapError struct {
	inner error
}

func (e *CustomUnwrapError) Error() string { return "custom: " + e.inner.Error() }
func (e *CustomUnwrapError) Unwrap() error { return e.inner }

// CustomIsError demonstrates custom Is implementation
type CustomIsError struct{}

func (*CustomIsError) Error() string { return "custom is error" }
func (*CustomIsError) Is(target error) bool {
	_, ok := target.(*MyError)
	return ok
}

func getCustomIsError() error {
	return &CustomIsError{}
}

// This should be flagged - direct comparison with ==
func CompareWithEquals() {
	err := doSomething()
	if errors.Is(err, ErrSentinel) { // want "comparing with == will fail on wrapped errors. Use errors.Is to check for a specific error"
		fmt.Println("sentinel error")
	}
}

// This should be flagged - direct comparison with !=
func CompareWithNotEquals() {
	err := doSomething()
	if !errors.Is(err, ErrSentinel) { // want "comparing with != will fail on wrapped errors. Use errors.Is to check for a specific error"
		fmt.Println("not sentinel error")
	}
}

// This should be flagged - direct comparison with == in binary expression
func CompareInBinaryExpr() {
	err := doSomething()
	cond1 := errors.Is(err, ErrSentinel) // want "comparing with == will fail on wrapped errors. Use errors.Is to check for a specific error"
	cond2 := errors.Is(err, io.EOF)      // want "comparing with == will fail on wrapped errors. Use errors.Is to check for a specific error"
	if cond1 || cond2 {
		fmt.Println("known error")
	}
}

// This should be flagged - direct comparison with != in binary expression
func CompareInBinaryExprNotEquals() {
	err := doSomething()
	cond1 := !errors.Is(err, ErrSentinel) // want "comparing with != will fail on wrapped errors. Use errors.Is to check for a specific error"
	cond2 := !errors.Is(err, io.EOF)      // want "comparing with != will fail on wrapped errors. Use errors.Is to check for a specific error"
	if cond1 && cond2 {
		fmt.Println("unknown error")
	}
}

// This should NOT be flagged - using errors.Is
func CompareWithErrorsIs() {
	err := doSomethingElse()
	if errors.Is(err, ErrSentinel) {
		fmt.Println("sentinel error (wrapped)")
	}
}

// This should NOT be flagged - nil comparison
func CompareWithNil() {
	err := doSomething()
	if err == nil {
		fmt.Println("no error")
	}
}

// This should NOT be flagged - nil comparison with !=
func CompareWithNotNil() {
	err := doSomething()
	if err != nil {
		fmt.Println("has error")
	}
}

// This should be flagged - direct comparison in switch statement
func CompareInSwitch() {
	err := doSomething()
	switch {
	case errors.Is(err, ErrSentinel):
		fmt.Println("sentinel error")
	case errors.Is(err, io.EOF):
		fmt.Println("EOF error")
	default:
		fmt.Println("unknown error")
	}
}

// This should be flagged - direct comparison in switch with assignment
func CompareInSwitchWithAssignment() {
	err := doSomething()
	switch e := err; {
	case errors.Is(e, ErrSentinel):
		fmt.Println("sentinel error:", e)
	case errors.Is(e, io.EOF):
		fmt.Println("EOF error:", e)
	default:
		fmt.Println("unknown error:", e)
	}
}

// This should NOT be flagged - using proper errors.Is in each case
func CompareInSwitchWithErrorsIs() {
	err := doSomething()
	switch {
	case errors.Is(err, ErrSentinel):
		fmt.Println("sentinel error")
	case errors.Is(err, io.EOF):
		fmt.Println("EOF error")
	default:
		fmt.Println("unknown error")
	}
}

// This should NOT be flagged - switch on non-error value
func SwitchOnNonErrorValue() {
	code := 404
	switch code {
	case 200:
		fmt.Println("OK")
	case 404:
		fmt.Println("Not Found")
	default:
		fmt.Println("Unknown status")
	}
}

// This should NOT be flagged - using errors.Is with custom Is method
func UsingErrorsIsWithCustomIs() {
	err := getCustomIsError()
	if errors.Is(err, &MyError{}) {
		fmt.Println("is my error")
	}
}
